// Jest Snapshot v1, https://goo.gl/fbAQLP

exports[`<Url /> should match snapshot 1`] = `
<div
  data-testid="url"
>
  <p
    class="link"
  />
</div>
`;
